// Jest Snapshot v1, https://goo.gl/fbAQLP

exports[`ColorPanelListのReducer add snapShot 1`] = `
Array [
  Object {
    "colorCode": "#000",
    "id": 0,
    "label": "漆黒の黒",
  },
]
`;

exports[`ColorPanelListのReducer remove snapShot 1`] = `Array []`;

exports[`ColorPanelListのReducer 対象外のAction snapShot 1`] = `Array []`;
